68.66.248.20: True
127.0.0.1: False
40.18.226.141: True
