68.66.248.20: True
127.0.0.1: False
40.18.226.141: True
42.255.174.226: True
192.168.1.1: False
